{
  "d_days": {
    "few": "new arabic few translation of d_days",
    "many": "arabic many translation of d_days",
    "one": "arabic one translation of d_days",
    "other": "{{.Count}} days",
    "two": "{{.Count}} days",
    "zero": "{{.Count}} days"
  },
  "my_height_in_meters": {
    "few": "I am {{.Count}} meters tall.",
    "many": "I am {{.Count}} meters tall.",
    "one": "I am {{.Count}} meters tall.",
    "other": "I am {{.Count}} meters tall.",
    "two": "I am {{.Count}} meters tall.",
    "zero": "I am {{.Count}} meters tall."
  },
  "person_unread_email_count_timeframe": {
    "other": "{{.Person}} has {{.Count}} unread emails in the past {{.Timeframe}}."
  },
  "program_greeting": {
    "other": "Hello world"
  },
  "your_unread_email_count": {
    "few": "You have {{.Count}} unread emails.",
    "many": "You have {{.Count}} unread emails.",
    "one": "You have {{.Count}} unread emails.",
    "other": "You have {{.Count}} unread emails.",
    "two": "You have {{.Count}} unread emails.",
    "zero": "You have {{.Count}} unread emails."
  }
}